// Jest Snapshot v1, https://goo.gl/fbAQLP

exports[`Button should render correctly 1`] = `
<button
  className="button"
  onClick={[Function]}
  type="button"
>
  2
  <div>
    abc
  </div>
</button>
`;

exports[`Button should work correctly 1`] = `
Array [
  "2",
]
`;
