// Jest Snapshot v1, https://goo.gl/fbAQLP

exports[`Input enhancer should render correctly 1`] = `
<input
  className="textInput"
  readOnly={true}
  type="text"
  value="Hello a"
/>
`;
